// Jest Snapshot v1, https://goo.gl/fbAQLP

exports[`<SectionHeading /> renders correctly 1`] = `
<div>
  <h2
    class="text-3xl text-center font-medium capitalize mb-8"
  >
    Section Heading
  </h2>
</div>
`;
